I'm sorry, but errors were detected in your script. Please correct the
errors listed below, and try again.


File "game/script.rpy", line 23: end of line expected.
    scene gui/images/black bg
                           ^

File "game/script.rpy", line 25: end of line expected.
    show gui/images/chana talk2
                          ^

Ren'Py Version: Ren'Py 8.3.7.25031702
Sat Apr 19 22:37:50 2025
